// Jest Snapshot v1, https://goo.gl/fbAQLP

exports[`embed should parse embracing embed statement 1`] = `
Object {
  "argument": null,
  "blocks": Array [
    Object {
      "body": Array [
        Object {
          "type": "PrintTextStatement",
          "value": Object {
            "type": "StringLiteral",
            "value": "
            ",
          },
        },
        Object {
          "trimLeft": false,
          "trimRight": false,
          "type": "PrintExpressionStatement",
          "value": Object {
            "name": "message",
            "type": "Identifier",
          },
        },
        Object {
          "type": "PrintTextStatement",
          "value": Object {
            "type": "StringLiteral",
            "value": "
        ",
          },
        },
      ],
      "name": Object {
        "name": "hello",
        "type": "Identifier",
      },
      "tagNameLoc": Object {
        "column": 11,
        "index": 35,
        "line": 2,
      },
      "trimLeft": false,
      "trimLeftEndblock": false,
      "trimRight": false,
      "trimRightBlock": false,
      "type": "BlockStatement",
    },
  ],
  "contextFree": false,
  "ignoreMissing": false,
  "tagNameLoc": Object {
    "column": 3,
    "index": 3,
    "line": 1,
  },
  "trimLeft": false,
  "trimLeftEndembed": true,
  "trimRight": false,
  "trimRightEmbed": true,
  "type": "EmbedStatement",
}
`;
