// Jest Snapshot v1, https://goo.gl/fbAQLP

exports[`filter should parse a filter block 1`] = `
Object {
  "body": Array [
    Object {
      "type": "PrintTextStatement",
      "value": Object {
        "type": "StringLiteral",
        "value": "
            This text becomes uppercase
        ",
      },
    },
  ],
  "filterExpression": Object {
    "arguments": Array [],
    "name": Object {
      "name": "upper",
      "type": "Identifier",
    },
    "target": Object {
      "name": "filter",
      "type": "Identifier",
    },
    "type": "FilterExpression",
  },
  "tagNameLoc": Object {
    "column": 3,
    "index": 3,
    "line": 1,
  },
  "trimLeft": false,
  "trimLeftEndfilter": true,
  "trimRight": false,
  "trimRightFilter": true,
  "type": "FilterBlockStatement",
}
`;
