// Jest Snapshot v1, https://goo.gl/fbAQLP

exports[`spaceless should parse spaceless...endspaceless 1`] = `
Object {
  "body": Array [
    Object {
      "type": "PrintTextStatement",
      "value": Object {
        "type": "StringLiteral",
        "value": "
            Ducks are swimming in the rain
            ",
      },
    },
  ],
  "tagNameLoc": Object {
    "column": 3,
    "index": 3,
    "line": 1,
  },
  "trimLeft": false,
  "trimLeftEndspaceless": true,
  "trimRight": false,
  "trimRightSpaceless": true,
  "type": "SpacelessBlock",
}
`;
